Oct 20 10:45:38 ls2088ardb kernel: klogd 1.5.1, log source = /proc/kmsg started.
Oct 20 10:45:38 ls2088ardb kernel: Inspecting /boot/System.map
Oct 20 10:45:38 ls2088ardb kernel: Cannot find map file.
Oct 20 10:45:38 ls2088ardb kernel: Loaded 69960 symbols from 1 module.
Oct 20 10:45:38 ls2088ardb kernel: [    2.624155] audit: type=2000 audit(2.560:1): initialized
Oct 20 10:45:38 ls2088ardb kernel: [    2.633702] HugeTLB registered 2 MB page size, pre-allocated 256 pages
Oct 20 10:45:38 ls2088ardb kernel: [    2.640599] VFS: Disk quotas dquot_6.6.0
Oct 20 10:45:38 ls2088ardb kernel: [    2.644590] VFS: Dquot-cache hash table entries: 512 (order 0, 4096 bytes)
Oct 20 10:45:38 ls2088ardb kernel: [    2.651823] NFS: Registering the id_resolver key type
Oct 20 10:45:38 ls2088ardb kernel: [    2.656930] Key type id_resolver registered
Oct 20 10:45:38 ls2088ardb kernel: [    2.661141] Key type id_legacy registered
Oct 20 10:45:38 ls2088ardb kernel: [    2.665275] fuse init (API version 7.23)
Oct 20 10:45:38 ls2088ardb kernel: [    2.669396] 9p: Installing v9fs 9p2000 file system support
Oct 20 10:45:38 ls2088ardb kernel: [    2.675405] io scheduler noop registered
Oct 20 10:45:38 ls2088ardb kernel: [    2.679376] io scheduler cfq registered (default)
Oct 20 10:45:38 ls2088ardb kernel: [    2.684199] Find msi-controller /interrupt-controller@6000000/gic-its@6020000
Oct 20 10:45:38 ls2088ardb kernel: [    2.691608] [ITI2C] iti2c_probe: Found Board id=0x6137 (SPDAA - 000) CPLD ver. 0x05, 
Oct 20 10:45:38 ls2088ardb kernel: [    2.699513] [ITI2C] iti2c_init : START
Oct 20 10:45:38 ls2088ardb kernel: [    2.703366] [ITI2C] i2c driver Initialized: major = 251
Oct 20 10:45:38 ls2088ardb kernel: [    2.708635] [ITI2C] reset_i2c_switches
Oct 20 10:45:38 ls2088ardb kernel: [    2.752045] PCI host bridge /pcie@3600000 ranges:
Oct 20 10:45:38 ls2088ardb kernel: [    2.756794]    IO 0x3000010000..0x300001ffff -> 0x00000000
Oct 20 10:45:38 ls2088ardb kernel: [    2.762333]   MEM 0x3040000000..0x307fffffff -> 0x40000000
Oct 20 10:45:38 ls2088ardb kernel: [    2.767939] layerscape-pcie 3600000.pcie: PCI host bridge to bus 0000:00
Oct 20 10:45:38 ls2088ardb kernel: [    2.774706] pci_bus 0000:00: root bus resource [bus 00-ff]
Oct 20 10:45:38 ls2088ardb kernel: [    2.780241] pci_bus 0000:00: root bus resource [io  0x0000-0xffff]
Oct 20 10:45:38 ls2088ardb kernel: [    2.786482] pci_bus 0000:00: root bus resource [mem 0x3040000000-0x307fffffff] (bus address [0x40000000-0x7fffffff])
Oct 20 10:45:38 ls2088ardb kernel: [    2.797123] pci 0000:00:00.0: [1957:8261] type 01 class 0x060400
Oct 20 10:45:38 ls2088ardb kernel: [    2.797134] pci 0000:00:00.0: reg 0x10: [mem 0x00000000-0x00ffffff]
Oct 20 10:45:38 ls2088ardb kernel: [    2.797141] pci 0000:00:00.0: reg 0x14: [mem 0x00000000-0x03ffffff]
Oct 20 10:45:38 ls2088ardb kernel: [    2.797147] pci 0000:00:00.0: reg 0x38: [mem 0x00000000-0x00ffffff pref]
Oct 20 10:45:38 ls2088ardb kernel: [    2.797177] pci 0000:00:00.0: supports D1 D2
Oct 20 10:45:38 ls2088ardb kernel: [    2.797180] pci 0000:00:00.0: PME# supported from D0 D1 D2 D3hot
Oct 20 10:45:38 ls2088ardb kernel: [    2.797302] pci 0000:00:00.0: bridge configuration invalid ([bus 03-03]), reconfiguring
Oct 20 10:45:38 ls2088ardb kernel: [    2.805509] pci 0000:01:00.0: [14e4:6862] type 00 class 0x048000
Oct 20 10:45:38 ls2088ardb kernel: [    2.805611] pci 0000:01:00.0: reg 0x10: [mem 0x3049000000-0x30497fffff 64bit pref]
Oct 20 10:45:38 ls2088ardb kernel: [    2.805681] pci 0000:01:00.0: reg 0x18: [mem 0x304a000000-0x304affffff 64bit pref]
Oct 20 10:45:38 ls2088ardb kernel: [    2.805752] pci 0000:01:00.0: reg 0x20: [mem 0x304b000000-0x304b00ffff 64bit pref]
Oct 20 10:45:38 ls2088ardb kernel: [    2.806172] pci 0000:01:00.0: PME# supported from D0 D3hot
Oct 20 10:45:38 ls2088ardb kernel: [    2.821479] pci_bus 0000:01: busn_res: [bus 01-ff] end is updated to 01
Oct 20 10:45:38 ls2088ardb kernel: [    2.821495] pci 0000:00:00.0: BAR 1: assigned [mem 0x3040000000-0x3043ffffff]
Oct 20 10:45:38 ls2088ardb kernel: [    2.828696] pci 0000:00:00.0: BAR 0: assigned [mem 0x3044000000-0x3044ffffff]
Oct 20 10:45:38 ls2088ardb kernel: [    2.835905] pci 0000:00:00.0: BAR 6: assigned [mem 0x3045000000-0x3045ffffff pref]
Oct 20 10:45:38 ls2088ardb kernel: [    2.843553] pci 0000:00:00.0: BAR 9: assigned [mem 0x3046000000-0x3047bfffff 64bit pref]
Oct 20 10:45:38 ls2088ardb kernel: [    2.851723] pci 0000:01:00.0: BAR 2: assigned [mem 0x3046000000-0x3046ffffff 64bit pref]
Oct 20 10:45:38 ls2088ardb kernel: [    2.859933] pci 0000:01:00.0: BAR 0: assigned [mem 0x3047000000-0x30477fffff 64bit pref]
Oct 20 10:45:38 ls2088ardb kernel: [    2.868144] pci 0000:01:00.0: BAR 4: assigned [mem 0x3047800000-0x304780ffff 64bit pref]
Oct 20 10:45:38 ls2088ardb kernel: [    2.876354] pci 0000:00:00.0: PCI bridge to [bus 01]
Oct 20 10:45:38 ls2088ardb kernel: [    2.881364] pci 0000:00:00.0:   bridge window [mem 0x3046000000-0x3047bfffff 64bit pref]
Oct 20 10:45:38 ls2088ardb kernel: [    2.889617] pcieport 0000:00:00.0: Signaling PME through PCIe PME interrupt
Oct 20 10:45:38 ls2088ardb kernel: [    2.896646] pci 0000:01:00.0: Signaling PME through PCIe PME interrupt
Oct 20 10:45:38 ls2088ardb kernel: [    2.903237] pcie_pme 0000:00:00.0:pcie01: service driver pcie_pme loaded
Oct 20 10:45:38 ls2088ardb kernel: [    2.903292] aer 0000:00:00.0:pcie02: service driver aer loaded
Oct 20 10:45:38 ls2088ardb kernel: [    2.903319] layerscape-pcie 3600000.pcie: failed to get PME IRQ: -6
Oct 20 10:45:38 ls2088ardb kernel: [    2.909643] layerscape-pcie 3600000.pcie: failed to initialize PME
Oct 20 10:45:38 ls2088ardb kernel: [    2.915920] PCI host bridge /pcie@3700000 ranges:
Oct 20 10:45:38 ls2088ardb kernel: [    2.920665]    IO 0x3800010000..0x380001ffff -> 0x00000000
Oct 20 10:45:38 ls2088ardb kernel: [    2.926201]   MEM 0x3840000000..0x387fffffff -> 0x40000000
Oct 20 10:45:38 ls2088ardb kernel: [    2.931806] layerscape-pcie 3700000.pcie: PCI host bridge to bus 0001:00
Oct 20 10:45:38 ls2088ardb kernel: [    2.938567] pci_bus 0001:00: root bus resource [bus 00-ff]
Oct 20 10:45:38 ls2088ardb kernel: [    2.944110] pci_bus 0001:00: root bus resource [io  0x10000-0x1ffff] (bus address [0x0000-0xffff])
Oct 20 10:45:38 ls2088ardb kernel: [    2.953157] pci_bus 0001:00: root bus resource [mem 0x3840000000-0x387fffffff] (bus address [0x40000000-0x7fffffff])
Oct 20 10:45:38 ls2088ardb kernel: [    2.963792] pci 0001:00:00.0: [1957:8261] type 01 class 0x060400
Oct 20 10:45:38 ls2088ardb kernel: [    2.963808] pci 0001:00:00.0: reg 0x38: [mem 0x00000000-0x000007ff pref]
Oct 20 10:45:38 ls2088ardb kernel: [    2.963832] pci 0001:00:00.0: supports D1 D2
Oct 20 10:45:38 ls2088ardb kernel: [    2.963836] pci 0001:00:00.0: PME# supported from D0 D1 D2 D3hot
Oct 20 10:45:38 ls2088ardb kernel: [    2.963941] pci 0001:00:00.0: bridge configuration invalid ([bus 05-05]), reconfiguring
Oct 20 10:45:38 ls2088ardb kernel: [    2.972070] pci_bus 0001:01: busn_res: [bus 01-ff] end is updated to 01
Oct 20 10:45:38 ls2088ardb kernel: [    2.972080] pci 0001:00:00.0: BAR 6: assigned [mem 0x3840000000-0x38400007ff pref]
Oct 20 10:45:38 ls2088ardb kernel: [    2.979717] pci 0001:00:00.0: PCI bridge to [bus 01]
Oct 20 10:45:38 ls2088ardb kernel: [    2.984799] pcieport 0001:00:00.0: Signaling PME through PCIe PME interrupt
Oct 20 10:45:38 ls2088ardb kernel: [    2.991830] pcie_pme 0001:00:00.0:pcie01: service driver pcie_pme loaded
Oct 20 10:45:38 ls2088ardb kernel: [    2.991884] aer 0001:00:00.0:pcie02: service driver aer loaded
Oct 20 10:45:38 ls2088ardb kernel: [    2.991906] layerscape-pcie 3700000.pcie: failed to get PME IRQ: -6
Oct 20 10:45:38 ls2088ardb kernel: [    2.998227] layerscape-pcie 3700000.pcie: failed to initialize PME
Oct 20 10:45:38 ls2088ardb kernel: [    3.004577] ipmi message handler version v2.0
Oct 20 10:45:38 ls2088ardb kernel: [    3.008972] IPMI device interface version v2.0
Oct 20 10:45:38 ls2088ardb kernel: [    3.013649] SPI: ipmi alkcs interface driver version NEW 2.1 (Iskratel Layerscape 2088a GPON board SPD)
Oct 20 10:45:38 ls2088ardb kernel: [    3.023198] SPI: pixis:ffff80805ffd51c0
Oct 20 10:45:38 ls2088ardb kernel: [    3.027067] SPI: fpga PHYS base address:0000000520000000
Oct 20 10:45:38 ls2088ardb kernel: [    3.032424] SPI: fpga_spi (remapped):ffff000000032000
Oct 20 10:45:38 ls2088ardb kernel: [    3.037517] SPI: *fpga_spi: UTA 6137 0xAA v0x5 
Oct 20 10:45:38 ls2088ardb kernel: [    3.042106] extIRQfpga = 228 Err: 0
Oct 20 10:45:38 ls2088ardb kernel: [    3.045636] extIRQipmi = 229 Err: 0
Oct 20 10:45:38 ls2088ardb kernel: [    3.049255] Freescale LS2 console driver
Oct 20 10:45:38 ls2088ardb kernel: [    3.053289] fsl-ls2-console: device fsl_mc_console registered
Oct 20 10:45:38 ls2088ardb kernel: [    3.059116] fsl-ls2-console: device fsl_aiop_console registered
Oct 20 10:45:38 ls2088ardb kernel: [    3.066334] Serial: 8250/16550 driver, 4 ports, IRQ sharing disabled
Oct 20 10:45:38 ls2088ardb kernel: [    3.073298] console [ttyS0] disabled
Oct 20 10:45:38 ls2088ardb kernel: [    3.076913] 21c0500.serial: ttyS0 at MMIO 0x21c0500 (irq = 8, base_baud = 18750000) is a 16550A
Oct 20 10:45:38 ls2088ardb kernel: [    3.085700] console [ttyS0] enabled
Oct 20 10:45:38 ls2088ardb kernel: [    3.092697] bootconsole [uart0] disabled
Oct 20 10:45:38 ls2088ardb kernel: [    3.100740] 21c0600.serial: ttyS1 at MMIO 0x21c0600 (irq = 8, base_baud = 18750000) is a 16550A
Oct 20 10:45:38 ls2088ardb kernel: [    3.109924] Unable to detect cache hierarcy from DT for CPU 0
Oct 20 10:45:38 ls2088ardb kernel: [    3.118263] brd: module loaded
Oct 20 10:45:38 ls2088ardb kernel: [    3.122896] loop: module loaded
Oct 20 10:45:38 ls2088ardb kernel: [    3.126538] 580000000.nor: Found 1 x16 devices at 0x0 in 16-bit bank. Manufacturer ID 0x000089 Chip ID 0x00227e
Oct 20 10:45:38 ls2088ardb kernel: [    3.136640] Amd/Fujitsu Extended Query Table at 0x0040
Oct 20 10:45:38 ls2088ardb kernel: [    3.141790]   Amd/Fujitsu Extended Query version 1.3.
Oct 20 10:45:38 ls2088ardb kernel: [    3.146839]   Advanced Sector Protection (PPB Locking) supported
Oct 20 10:45:38 ls2088ardb kernel: [    3.152847] number of CFI chips: 1
Oct 20 10:45:38 ls2088ardb kernel: [    3.156333] 5 ofpart partitions found on MTD device 580000000.nor
Oct 20 10:45:38 ls2088ardb kernel: [    3.162430] Creating 5 MTD partitions on "580000000.nor":
Oct 20 10:45:38 ls2088ardb kernel: [    3.167826] 0x000000000000-0x000000100000 : "U-boot Bin"
Oct 20 10:45:38 ls2088ardb kernel: [    3.173465] 0x000000100000-0x000000120000 : "U-boot Env"
Oct 20 10:45:38 ls2088ardb kernel: [    3.179053] 0x000000200000-0x000000600000 : "MC Firmware"
Oct 20 10:45:38 ls2088ardb kernel: [    3.184741] 0x000000700000-0x000000800000 : "DPC blob"
Oct 20 10:45:38 ls2088ardb kernel: [    3.190151] 0x000000600000-0x000000700000 : "DPL blob"
Oct 20 10:45:38 ls2088ardb kernel: [    3.195951] [IT_BCM_PHY] Phy Driver Registered
Oct 20 10:45:38 ls2088ardb kernel: [    3.200414] [IT_BCM_PHY] Mapping : Combo port 'eth4' =  phyaddr 0x01, linux_port_name=4
Oct 20 10:45:38 ls2088ardb kernel: [    3.208426] [IT_BCM_PHY] Mapping : Combo port 'eth5' =  phyaddr 0x02, linux_port_name=5
Oct 20 10:45:38 ls2088ardb kernel: [    3.216451] [IT_BCM_PHY] Mapping : Fiber port 'eth0' =  phyaddr 0x07
Oct 20 10:45:38 ls2088ardb kernel: [    3.222807] [IT_BCM_PHY] Mapping : Fiber port 'eth1' =  phyaddr 0x08
Oct 20 10:45:38 ls2088ardb kernel: [    3.229159] [IT_BCM_PHY] Mapping : Fiber port 'eth2' =  phyaddr 0x05
Oct 20 10:45:38 ls2088ardb kernel: [    3.235513] [IT_BCM_PHY] Mapping : Fiber port 'eth3' =  phyaddr 0x06
Oct 20 10:45:38 ls2088ardb kernel: [    3.242065] libphy: Fixed MDIO Bus: probed
Oct 20 10:45:38 ls2088ardb kernel: [    3.246230] [INPHI] module init
Oct 20 10:45:38 ls2088ardb kernel: [    3.249364] [INPHI] debug level = NONE
Oct 20 10:45:38 ls2088ardb kernel: [    3.254014] [INPHI] CS4224 API Version 3.7.8   Built on Jul 15, 2015 at 07:06:38
Oct 20 10:45:38 ls2088ardb kernel: [    3.262276] [INPHI] Asic ID and Rev:      0x7003 0x03e5
Oct 20 10:45:38 ls2088ardb kernel: [    3.301230] [INPHI] use /proc/inphi for detailed links status
Oct 20 10:45:38 ls2088ardb kernel: [    3.306979] [INPHI] module init OK
Oct 20 10:45:38 ls2088ardb kernel: [    3.310385] tun: Universal TUN/TAP device driver, 1.6
Oct 20 10:45:38 ls2088ardb kernel: [    3.315437] tun: (C) 1999-2004 Max Krasnyansky <maxk@qualcomm.com>
Oct 20 10:45:38 ls2088ardb kernel: [    3.321797] libphy: Freescale XGMAC MDIO Bus: probed
Oct 20 10:45:38 ls2088ardb kernel: [    3.328154] libphy: Freescale XGMAC MDIO Bus: probed
Oct 20 10:45:38 ls2088ardb kernel: [    3.333191] Freescale FM module, FMD API version 21.1.0
Oct 20 10:45:38 ls2088ardb kernel: [    3.338458] Freescale FM Ports module
Oct 20 10:45:38 ls2088ardb kernel: [    3.342122] fsl_mac: fsl_mac: FSL FMan MAC API based driver
Oct 20 10:45:38 ls2088ardb kernel: [    3.347732] fsl_dpa: FSL DPAA Ethernet driver
Oct 20 10:45:38 ls2088ardb kernel: [    3.352122] fsl_advanced: FSL DPAA Advanced drivers:
Oct 20 10:45:38 ls2088ardb kernel: [    3.357085] fsl_proxy: FSL DPAA Proxy initialization driver
Oct 20 10:45:38 ls2088ardb kernel: [    3.362688] fsl_dpa_shared: FSL DPAA Shared Ethernet driver
Oct 20 10:45:38 ls2088ardb kernel: [    3.368288] fsl_dpa_macless: FSL DPAA MACless Ethernet driver
Oct 20 10:45:38 ls2088ardb kernel: [    3.374067] fsl_oh: FSL FMan Offline Parsing port driver
Oct 20 10:45:38 ls2088ardb kernel: [    3.379687] VFIO - User Level meta-driver version: 0.3
Oct 20 10:45:38 ls2088ardb kernel: [    3.388281] MC object device driver vfio-fsl-mc registered
Oct 20 10:45:38 ls2088ardb kernel: [    4.194483] ehci_hcd: USB 2.0 'Enhanced' Host Controller (EHCI) Driver
Oct 20 10:45:38 ls2088ardb kernel: [    4.201015] ehci-pci: EHCI PCI platform driver
Oct 20 10:45:38 ls2088ardb kernel: [    4.205479] ehci-platform: EHCI generic platform driver
Oct 20 10:45:38 ls2088ardb kernel: [    4.210744] ohci_hcd: USB 1.1 'Open' Host Controller (OHCI) Driver
Oct 20 10:45:38 ls2088ardb kernel: [    4.216931] ohci-pci: OHCI PCI platform driver
Oct 20 10:45:38 ls2088ardb kernel: [    4.221392] ohci-platform: OHCI generic platform driver
Oct 20 10:45:38 ls2088ardb kernel: [    4.226735] xhci-hcd xhci-hcd.0.auto: xHCI Host Controller
Oct 20 10:45:38 ls2088ardb kernel: [    4.232230] xhci-hcd xhci-hcd.0.auto: new USB bus registered, assigned bus number 1
Oct 20 10:45:38 ls2088ardb kernel: [    4.240068] xhci-hcd xhci-hcd.0.auto: hcc params 0x0220f66d hci version 0x100 quirks 0x00010010
Oct 20 10:45:38 ls2088ardb kernel: [    4.248794] xhci-hcd xhci-hcd.0.auto: irq 232, io mem 0x03100000
Oct 20 10:45:38 ls2088ardb kernel: [    4.255112] hub 1-0:1.0: USB hub found
Oct 20 10:45:38 ls2088ardb kernel: [    4.258868] hub 1-0:1.0: 1 port detected
Oct 20 10:45:38 ls2088ardb kernel: [    4.262913] xhci-hcd xhci-hcd.0.auto: xHCI Host Controller
Oct 20 10:45:38 ls2088ardb kernel: [    4.268401] xhci-hcd xhci-hcd.0.auto: new USB bus registered, assigned bus number 2
Oct 20 10:45:38 ls2088ardb kernel: [    4.276095] usb usb2: We don't know the algorithms for LPM for this host, disabling LPM.
Oct 20 10:45:38 ls2088ardb kernel: [    4.284422] hub 2-0:1.0: USB hub found
Oct 20 10:45:38 ls2088ardb kernel: [    4.288177] hub 2-0:1.0: 1 port detected
Oct 20 10:45:38 ls2088ardb kernel: [    4.292232] xhci-hcd xhci-hcd.1.auto: xHCI Host Controller
Oct 20 10:45:38 ls2088ardb kernel: [    4.297719] xhci-hcd xhci-hcd.1.auto: new USB bus registered, assigned bus number 3
Oct 20 10:45:38 ls2088ardb kernel: [    4.305569] xhci-hcd xhci-hcd.1.auto: hcc params 0x0220f66d hci version 0x100 quirks 0x00010010
Oct 20 10:45:38 ls2088ardb kernel: [    4.314294] xhci-hcd xhci-hcd.1.auto: irq 233, io mem 0x03110000
Oct 20 10:45:38 ls2088ardb kernel: [    4.320529] hub 3-0:1.0: USB hub found
Oct 20 10:45:38 ls2088ardb kernel: [    4.324293] hub 3-0:1.0: 1 port detected
Oct 20 10:45:38 ls2088ardb kernel: [    4.328316] xhci-hcd xhci-hcd.1.auto: xHCI Host Controller
Oct 20 10:45:38 ls2088ardb kernel: [    4.333808] xhci-hcd xhci-hcd.1.auto: new USB bus registered, assigned bus number 4
Oct 20 10:45:38 ls2088ardb kernel: [    4.341495] usb usb4: We don't know the algorithms for LPM for this host, disabling LPM.
Oct 20 10:45:38 ls2088ardb kernel: [    4.349799] hub 4-0:1.0: USB hub found
Oct 20 10:45:38 ls2088ardb kernel: [    4.353564] hub 4-0:1.0: 1 port detected
Oct 20 10:45:38 ls2088ardb kernel: [    4.357659] usbcore: registered new interface driver usb-storage
Oct 20 10:45:38 ls2088ardb kernel: [    4.363832] mousedev: PS/2 mouse device common for all mice
Oct 20 10:45:38 ls2088ardb kernel: [    4.372073] rtc-ds1374 0-0068: rtc core: registered ds1374 as rtc0
Oct 20 10:45:38 ls2088ardb kernel: [    4.378298]  RESET REASON CPLD REGISTERS: SYS_LPDR = 0, SYS_SYSTEM_CTRLR = 2967 
Oct 20 10:45:38 ls2088ardb kernel: [    4.385699] This reboot was due to Power-Up
Oct 20 10:45:38 ls2088ardb kernel: [    4.389897] i2c /dev entries driver
Oct 20 10:45:38 ls2088ardb kernel: [    4.393984] qoriq_cpufreq: Freescale QorIQ CPU frequency scaling driver
Oct 20 10:45:38 ls2088ardb kernel: [    4.400609] CPUidle arm: CPU 0 failed to init idle CPU ops
Oct 20 10:45:38 ls2088ardb kernel: [    4.406148] sdhci: Secure Digital Host Controller Interface driver
Oct 20 10:45:38 ls2088ardb kernel: [    4.412332] sdhci: Copyright(c) Pierre Ossman
Oct 20 10:45:38 ls2088ardb kernel: [    4.416705] sdhci-pltfm: SDHCI platform and OF driver helper
Oct 20 10:45:38 ls2088ardb kernel: [    4.423527] sdhci-esdhc 2140000.esdhc: No vmmc regulator found
Oct 20 10:45:38 ls2088ardb kernel: [    4.429358] sdhci-esdhc 2140000.esdhc: No vqmmc regulator found
Oct 20 10:45:38 ls2088ardb kernel: [    4.471447] mmc0: SDHCI controller on 2140000.esdhc [2140000.esdhc] using ADMA 64-bit
Oct 20 10:45:38 ls2088ardb kernel: [    4.479624] MC object device driver fsl_dpaa2_caam registered
Oct 20 10:45:38 ls2088ardb kernel: [    4.485653] usbcore: registered new interface driver usbhid
Oct 20 10:45:38 ls2088ardb kernel: [    4.491221] usbhid: USB HID core driver
Oct 20 10:45:38 ls2088ardb kernel: [    4.498257] mc_restool driver registered
Oct 20 10:45:38 ls2088ardb kernel: [    4.505974] ce_paddr=0x8180b0000, ci_paddr=0x81c0b0000, portalid=11, prios=8
Oct 20 10:45:38 ls2088ardb kernel: [    4.513034] ce_size=0x1000, ci_size=0x1000
Oct 20 10:45:38 ls2088ardb kernel: [    4.517662] fsl_dpio_drv dpio.9: dpio: probed object 9
Oct 20 10:45:38 ls2088ardb kernel: [    4.522801] fsl_dpio_drv dpio.9:    receives_notifications = 1
Oct 20 10:45:38 ls2088ardb kernel: [    4.528631] fsl_dpio_drv dpio.9:    has_irq = 1
Oct 20 10:45:38 ls2088ardb kernel: [    4.538597] ce_paddr=0x8180a0000, ci_paddr=0x81c0a0000, portalid=10, prios=8
Oct 20 10:45:38 ls2088ardb kernel: [    4.545649] ce_size=0x1000, ci_size=0x1000
Oct 20 10:45:38 ls2088ardb kernel: [    4.550274] fsl_dpio_drv dpio.8: dpio: probed object 8
Oct 20 10:45:38 ls2088ardb kernel: [    4.555412] fsl_dpio_drv dpio.8:    receives_notifications = 1
Oct 20 10:45:38 ls2088ardb kernel: [    4.561243] fsl_dpio_drv dpio.8:    has_irq = 1
Oct 20 10:45:38 ls2088ardb kernel: [    4.571189] ce_paddr=0x818090000, ci_paddr=0x81c090000, portalid=9, prios=8
Oct 20 10:45:38 ls2088ardb kernel: [    4.578154] ce_size=0x1000, ci_size=0x1000
Oct 20 10:45:38 ls2088ardb kernel: [    4.581443] usb 1-1: new high-speed USB device number 2 using xhci-hcd
Oct 20 10:45:38 ls2088ardb kernel: [    4.589319] fsl_dpio_drv dpio.7: dpio: probed object 7
Oct 20 10:45:38 ls2088ardb kernel: [    4.594458] fsl_dpio_drv dpio.7:    receives_notifications = 1
Oct 20 10:45:38 ls2088ardb kernel: [    4.600288] fsl_dpio_drv dpio.7:    has_irq = 1
Oct 20 10:45:38 ls2088ardb kernel: [    4.610237] ce_paddr=0x818080000, ci_paddr=0x81c080000, portalid=8, prios=8
Oct 20 10:45:38 ls2088ardb kernel: [    4.617202] ce_size=0x1000, ci_size=0x1000
Oct 20 10:45:38 ls2088ardb kernel: [    4.621828] fsl_dpio_drv dpio.6: dpio: probed object 6
Oct 20 10:45:38 ls2088ardb kernel: [    4.626963] fsl_dpio_drv dpio.6:    receives_notifications = 1
Oct 20 10:45:38 ls2088ardb kernel: [    4.632797] fsl_dpio_drv dpio.6:    has_irq = 1
Oct 20 10:45:38 ls2088ardb kernel: [    4.642625] ce_paddr=0x818070000, ci_paddr=0x81c070000, portalid=7, prios=8
Oct 20 10:45:38 ls2088ardb kernel: [    4.649585] ce_size=0x1000, ci_size=0x1000
Oct 20 10:45:38 ls2088ardb kernel: [    4.654212] fsl_dpio_drv dpio.5: dpio: probed object 5
Oct 20 10:45:38 ls2088ardb kernel: [    4.659346] fsl_dpio_drv dpio.5:    receives_notifications = 1
Oct 20 10:45:38 ls2088ardb kernel: [    4.665181] fsl_dpio_drv dpio.5:    has_irq = 1
Oct 20 10:45:38 ls2088ardb kernel: [    4.675136] ce_paddr=0x818060000, ci_paddr=0x81c060000, portalid=6, prios=8
Oct 20 10:45:38 ls2088ardb kernel: [    4.682103] ce_size=0x1000, ci_size=0x1000
Oct 20 10:45:38 ls2088ardb kernel: [    4.686724] fsl_dpio_drv dpio.4: dpio: probed object 4
Oct 20 10:45:38 ls2088ardb kernel: [    4.691864] fsl_dpio_drv dpio.4:    receives_notifications = 1
Oct 20 10:45:38 ls2088ardb kernel: [    4.697694] fsl_dpio_drv dpio.4:    has_irq = 1
Oct 20 10:45:38 ls2088ardb kernel: [    4.707674] ce_paddr=0x818050000, ci_paddr=0x81c050000, portalid=5, prios=8
Oct 20 10:45:38 ls2088ardb kernel: [    4.714639] ce_size=0x1000, ci_size=0x1000
Oct 20 10:45:38 ls2088ardb kernel: [    4.719259] fsl_dpio_drv dpio.3: dpio: probed object 3
Oct 20 10:45:38 ls2088ardb kernel: [    4.724405] fsl_dpio_drv dpio.3:    receives_notifications = 1
Oct 20 10:45:38 ls2088ardb kernel: [    4.730242] fsl_dpio_drv dpio.3:    has_irq = 1
Oct 20 10:45:38 ls2088ardb kernel: [    4.735652] usb-storage 1-1:1.0: USB Mass Storage device detected
Oct 20 10:45:38 ls2088ardb kernel: [    4.740214] ce_paddr=0x818040000, ci_paddr=0x81c040000, portalid=4, prios=8
Oct 20 10:45:38 ls2088ardb kernel: [    4.740216] ce_size=0x1000, ci_size=0x1000
Oct 20 10:45:38 ls2088ardb kernel: [    4.740747] fsl_dpio_drv dpio.2: dpio: probed object 2
Oct 20 10:45:38 ls2088ardb kernel: [    4.740749] fsl_dpio_drv dpio.2:    receives_notifications = 1
Oct 20 10:45:38 ls2088ardb kernel: [    4.740750] fsl_dpio_drv dpio.2:    has_irq = 1
Oct 20 10:45:38 ls2088ardb kernel: [    4.746189] ce_paddr=0x818030000, ci_paddr=0x81c030000, portalid=3, prios=8
Oct 20 10:45:38 ls2088ardb kernel: [    4.746190] ce_size=0x1000, ci_size=0x1000
Oct 20 10:45:38 ls2088ardb kernel: [    4.746720] fsl_dpio_drv dpio.1: dpio: probed object 1
Oct 20 10:45:38 ls2088ardb kernel: [    4.746722] fsl_dpio_drv dpio.1:    receives_notifications = 1
Oct 20 10:45:38 ls2088ardb kernel: [    4.746723] fsl_dpio_drv dpio.1:    has_irq = 1
Oct 20 10:45:38 ls2088ardb kernel: [    4.752158] ce_paddr=0x818020000, ci_paddr=0x81c020000, portalid=2, prios=8
Oct 20 10:45:38 ls2088ardb kernel: [    4.752159] ce_size=0x1000, ci_size=0x1000
Oct 20 10:45:38 ls2088ardb kernel: [    4.752691] fsl_dpio_drv dpio.0: dpio: probed object 0
Oct 20 10:45:38 ls2088ardb kernel: [    4.752692] fsl_dpio_drv dpio.0:    receives_notifications = 1
Oct 20 10:45:38 ls2088ardb kernel: [    4.752694] fsl_dpio_drv dpio.0:    has_irq = 1
Oct 20 10:45:38 ls2088ardb kernel: [    4.754420] MC object device driver fsl_dpio_drv registered
Oct 20 10:45:38 ls2088ardb kernel: [    4.754617] No fsl,qman node
Oct 20 10:45:38 ls2088ardb kernel: [    4.754688] Freescale USDPAA process driver
Oct 20 10:45:38 ls2088ardb kernel: [    4.754689] fsl-usdpaa: no region found
Oct 20 10:45:38 ls2088ardb kernel: [    4.754692] Freescale USDPAA process IRQ driver
Oct 20 10:45:38 ls2088ardb kernel: [    4.788146] fsl_dpaa2_eth dpni.9: Key masks not supported. Steering is disabled
Oct 20 10:45:38 ls2088ardb kernel: [    4.812628] fsl_dpaa2_eth dpni.9: Probed interface eth9
Oct 20 10:45:38 ls2088ardb kernel: [    4.839278] fsl_dpaa2_eth dpni.8: Key masks not supported. Steering is disabled
Oct 20 10:45:38 ls2088ardb kernel: [    4.863256] scsi host0: usb-storage 1-1:1.0
Oct 20 10:45:38 ls2088ardb kernel: [    4.863709] fsl_dpaa2_eth dpni.8: Probed interface eth8
Oct 20 10:45:38 ls2088ardb kernel: [    4.890356] fsl_dpaa2_eth dpni.7: Key masks not supported. Steering is disabled
Oct 20 10:45:38 ls2088ardb kernel: [    4.922086] fsl_dpaa2_eth dpni.7: Probed interface eth7
Oct 20 10:45:38 ls2088ardb kernel: [    4.953956] fsl_dpaa2_eth dpni.6: Key masks not supported. Steering is disabled
Oct 20 10:45:38 ls2088ardb kernel: [    4.985674] fsl_dpaa2_eth dpni.6: Probed interface eth6
Oct 20 10:45:38 ls2088ardb kernel: [    5.017542] fsl_dpaa2_eth dpni.5: Key masks not supported. Steering is disabled
Oct 20 10:45:38 ls2088ardb kernel: [    5.049260] fsl_dpaa2_eth dpni.5: Probed interface eth5
Oct 20 10:45:38 ls2088ardb kernel: [    5.081132] fsl_dpaa2_eth dpni.4: Key masks not supported. Steering is disabled
Oct 20 10:45:38 ls2088ardb kernel: [    5.112869] fsl_dpaa2_eth dpni.4: Probed interface eth4
Oct 20 10:45:38 ls2088ardb kernel: [    5.144733] fsl_dpaa2_eth dpni.3: Key masks not supported. Steering is disabled
Oct 20 10:45:38 ls2088ardb kernel: [    5.176453] fsl_dpaa2_eth dpni.3: Probed interface eth3
Oct 20 10:45:38 ls2088ardb kernel: [    5.208321] fsl_dpaa2_eth dpni.2: Key masks not supported. Steering is disabled
Oct 20 10:45:38 ls2088ardb kernel: [    5.240041] fsl_dpaa2_eth dpni.2: Probed interface eth2
Oct 20 10:45:38 ls2088ardb kernel: [    5.272914] fsl_dpaa2_eth dpni.1: Key masks not supported. Steering is disabled
Oct 20 10:45:38 ls2088ardb kernel: [    5.304631] fsl_dpaa2_eth dpni.1: Probed interface eth1
Oct 20 10:45:38 ls2088ardb kernel: [    5.336498] fsl_dpaa2_eth dpni.0: Key masks not supported. Steering is disabled
Oct 20 10:45:38 ls2088ardb kernel: [    5.368213] fsl_dpaa2_eth dpni.0: Probed interface eth0
Oct 20 10:45:38 ls2088ardb kernel: [    5.373492] MC object device driver fsl_dpaa2_eth registered
Oct 20 10:45:38 ls2088ardb kernel: [    5.461452] [IT_BCM_PHY] it_bcm_config_init(): eth3 : phydev->addr = 0x06
Oct 20 10:45:38 ls2088ardb kernel: [    5.468362] [IT_BCM_PHY] it_bcm_config_init(): eth3 : phy reset done
Oct 20 10:45:38 ls2088ardb kernel: [    5.474958] [IT_BCM_PHY] it_bcm_config_init(): eth3 : SGMII to copper mode : write 0x0208 to 0x1c/SH0x1f
Oct 20 10:45:38 ls2088ardb kernel: [    5.484502] [IT_BCM_PHY] it_bcm_config_init(): eth3 : Power down the Copper interface
Oct 20 10:45:38 ls2088ardb kernel: [    5.494291] [IT_BCM_PHY] it_bcm_config_init():  Set Fiber Mode
Oct 20 10:45:38 ls2088ardb kernel: [    5.500180] [IT_BCM_PHY] it_bcm_config_init():  SH 0x1f =  0x203
Oct 20 10:45:38 ls2088ardb kernel: [    5.506306] [IT_BCM_PHY] it_bcm_config_init():  (prebrano) SH 0x1f =  0x20b
Oct 20 10:45:38 ls2088ardb kernel: [    5.513275] dpaa2_mac dpmac.16: Connected to sgmii PHY.
Oct 20 10:45:38 ls2088ardb kernel: [    5.601441] [IT_BCM_PHY] it_bcm_config_init(): eth2 : phydev->addr = 0x05
Oct 20 10:45:38 ls2088ardb kernel: [    5.608349] [IT_BCM_PHY] it_bcm_config_init(): eth2 : phy reset done
Oct 20 10:45:38 ls2088ardb kernel: [    5.614942] [IT_BCM_PHY] it_bcm_config_init(): eth2 : SGMII to copper mode : write 0x0208 to 0x1c/SH0x1f
Oct 20 10:45:38 ls2088ardb kernel: [    5.624486] [IT_BCM_PHY] it_bcm_config_init(): eth2 : Power down the Copper interface
Oct 20 10:45:38 ls2088ardb kernel: [    5.634266] [IT_BCM_PHY] it_bcm_config_init():  Set Fiber Mode
Oct 20 10:45:38 ls2088ardb kernel: [    5.640154] [IT_BCM_PHY] it_bcm_config_init():  SH 0x1f =  0x203
Oct 20 10:45:38 ls2088ardb kernel: [    5.646279] [IT_BCM_PHY] it_bcm_config_init():  (prebrano) SH 0x1f =  0x20b
Oct 20 10:45:38 ls2088ardb kernel: [    5.653245] dpaa2_mac dpmac.15: Connected to sgmii PHY.
Oct 20 10:45:38 ls2088ardb kernel: [    5.741441] [IT_BCM_PHY] it_bcm_config_init(): eth1 : phydev->addr = 0x08
Oct 20 10:45:38 ls2088ardb kernel: [    5.748348] [IT_BCM_PHY] it_bcm_config_init(): eth1 : phy reset done
Oct 20 10:45:38 ls2088ardb kernel: [    5.754939] [IT_BCM_PHY] it_bcm_config_init(): eth1 : SGMII to copper mode : write 0x0208 to 0x1c/SH0x1f
Oct 20 10:45:38 ls2088ardb kernel: [    5.764483] [IT_BCM_PHY] it_bcm_config_init(): eth1 : Power down the Copper interface
Oct 20 10:45:38 ls2088ardb kernel: [    5.774263] [IT_BCM_PHY] it_bcm_config_init():  Set Fiber Mode
Oct 20 10:45:38 ls2088ardb kernel: [    5.780152] [IT_BCM_PHY] it_bcm_config_init():  SH 0x1f =  0x203
Oct 20 10:45:38 ls2088ardb kernel: [    5.786276] [IT_BCM_PHY] it_bcm_config_init():  (prebrano) SH 0x1f =  0x20b
Oct 20 10:45:38 ls2088ardb kernel: [    5.793240] dpaa2_mac dpmac.14: Connected to sgmii PHY.
Oct 20 10:45:38 ls2088ardb kernel: [    5.871696] scsi 0:0:0:0: Direct-Access     Micron   eUSB DISK        0008 PQ: 0 ANSI: 0
Oct 20 10:45:38 ls2088ardb kernel: [    5.880211] sd 0:0:0:0: [sda] 7633624 512-byte logical blocks: (3.91 GB/3.64 GiB)
Oct 20 10:45:38 ls2088ardb kernel: [    5.881448] [IT_BCM_PHY] it_bcm_config_init(): eth0 : phydev->addr = 0x07
Oct 20 10:45:38 ls2088ardb kernel: [    5.881570] [IT_BCM_PHY] it_bcm_config_init(): eth0 : phy reset done
Oct 20 10:45:38 ls2088ardb kernel: [    5.881809] [IT_BCM_PHY] it_bcm_config_init(): eth0 : SGMII to copper mode : write 0x0208 to 0x1c/SH0x1f
Oct 20 10:45:38 ls2088ardb kernel: [    5.881868] [IT_BCM_PHY] it_bcm_config_init(): eth0 : Power down the Copper interface
Oct 20 10:45:38 ls2088ardb kernel: [    5.883827] [IT_BCM_PHY] it_bcm_config_init():  Set Fiber Mode
Oct 20 10:45:38 ls2088ardb kernel: [    5.883887] [IT_BCM_PHY] it_bcm_config_init():  SH 0x1f =  0x203
Oct 20 10:45:38 ls2088ardb kernel: [    5.884008] [IT_BCM_PHY] it_bcm_config_init():  (prebrano) SH 0x1f =  0x20b
Oct 20 10:45:38 ls2088ardb kernel: [    5.884011] dpaa2_mac dpmac.12: Connected to sgmii PHY.
Oct 20 10:45:38 ls2088ardb kernel: [    5.942391] sd 0:0:0:0: [sda] Write Protect is off
Oct 20 10:45:38 ls2088ardb kernel: [    5.947181] sd 0:0:0:0: [sda] Mode Sense: 2b 00 00 08
Oct 20 10:45:38 ls2088ardb kernel: [    5.947388] sd 0:0:0:0: [sda] No Caching mode page found
Oct 20 10:45:38 ls2088ardb kernel: [    5.952707] sd 0:0:0:0: [sda] Assuming drive cache: write through
Oct 20 10:45:38 ls2088ardb kernel: [    5.960054]  sda: sda1 sda2 sda3 sda4
Oct 20 10:45:38 ls2088ardb kernel: [    5.964772] sd 0:0:0:0: [sda] Attached SCSI disk
Oct 20 10:45:38 ls2088ardb kernel: [    5.971449] [IT_BCM_PHY] it_bcm_config_init(): eth5 : phydev->addr = 0x02
Oct 20 10:45:38 ls2088ardb kernel: [    5.978357] [IT_BCM_PHY] it_bcm_config_init(): eth5 : phy reset done
Oct 20 10:45:38 ls2088ardb kernel: [    5.984951] [IT_BCM_PHY] it_bcm_config_init(): eth5 : SGMII to copper mode : write 0x0208 to 0x1c/SH0x1f
Oct 20 10:45:38 ls2088ardb kernel: [    5.997333] [IT_BCM_PHY] it_bcm_config_init():  Set Fiber Mode
Oct 20 10:45:38 ls2088ardb kernel: [    6.003227] [IT_BCM_PHY] it_bcm_config_init():  SH 0x1f =  0x203
Oct 20 10:45:38 ls2088ardb kernel: [    6.009347] [IT_BCM_PHY] it_bcm_config_init():  (prebrano) SH 0x1f =  0x20b
Oct 20 10:45:38 ls2088ardb kernel: [    6.016317] dpaa2_mac dpmac.11: Connected to sgmii PHY.
Oct 20 10:45:38 ls2088ardb kernel: [    6.101445] [IT_BCM_PHY] it_bcm_config_init(): eth4 : phydev->addr = 0x01
Oct 20 10:45:38 ls2088ardb kernel: [    6.108351] [IT_BCM_PHY] it_bcm_config_init(): eth4 : phy reset done
Oct 20 10:45:38 ls2088ardb kernel: [    6.114945] [IT_BCM_PHY] it_bcm_config_init(): eth4 : SGMII to copper mode : write 0x0228 to 0x1c/SH0x1f
Oct 20 10:45:38 ls2088ardb kernel: [    6.127335] [IT_BCM_PHY] it_bcm_config_init():  Set Fiber Mode
Oct 20 10:45:38 ls2088ardb kernel: [    6.133227] [IT_BCM_PHY] it_bcm_config_init():  SH 0x1f =  0x323
Oct 20 10:45:38 ls2088ardb kernel: [    6.139350] [IT_BCM_PHY] it_bcm_config_init():  (prebrano) SH 0x1f =  0x329
Oct 20 10:45:38 ls2088ardb kernel: [    6.146317] dpaa2_mac dpmac.10: Connected to sgmii PHY.
Oct 20 10:45:38 ls2088ardb kernel: [    6.155834] [INPHI] init port 10 for 10G SFP+:  line_tx_loss=0 dB
Oct 20 10:45:38 ls2088ardb kernel: [    6.161932] [INPHI] init port 10 for 10G SFP+:  host_tx_loss=0 dB
Oct 20 10:45:38 ls2088ardb kernel: [    6.168023] [INPHI] init port 10 for 10G SFP+:  line_rx_loss=0 dB
Oct 20 10:45:38 ls2088ardb kernel: [    6.174117] [INPHI] init port 10 for 10G SFP+:  host_rx_loss=0 dB
Oct 20 10:45:38 ls2088ardb kernel: [    6.180208] [INPHI] init port 11 for 10G SFP+
Oct 20 10:45:38 ls2088ardb kernel: [    6.203049] 
Oct 20 10:45:38 ls2088ardb kernel: [    6.203049] K2 configured for Duplex CS4223, Max ports = 4
Oct 20 10:45:38 ls2088ardb kernel: [    6.210011] slice = 3, die = 0, PP offset = 0x03000
Oct 20 10:45:38 ls2088ardb kernel: [    6.214891] application = CS4224_TARGET_APPLICATION_10G, data rate = , line edc_mode = CS_HSIO_EDC_MODE_SR, host edc_mode = CS_HSIO_EDC_MODE_SR
Oct 20 10:45:38 ls2088ardb kernel: [    6.258219] Unicasting image
Oct 20 10:45:38 ls2088ardb kernel: [    6.978135] random: nonblocking pool is initialized
Oct 20 10:45:38 ls2088ardb kernel: [    7.512151] 
Oct 20 10:45:38 ls2088ardb kernel: [    7.512151] ### eth3 is DOWN  ###
Oct 20 10:45:38 ls2088ardb kernel: [    7.652150] 
Oct 20 10:45:38 ls2088ardb kernel: [    7.652150] ### eth2 is DOWN  ###
Oct 20 10:45:38 ls2088ardb kernel: [    7.792152] 
Oct 20 10:45:38 ls2088ardb kernel: [    7.792152] ### eth1 is DOWN  ###
Oct 20 10:45:38 ls2088ardb kernel: [    7.882152] 
Oct 20 10:45:38 ls2088ardb kernel: [    7.882152] ### eth0 is DOWN  ###
Oct 20 10:45:38 ls2088ardb kernel: [    8.012506] 
Oct 20 10:45:38 ls2088ardb kernel: [    8.012506] ### eth5 is DOWN  ###
Oct 20 10:45:38 ls2088ardb kernel: [    8.142507] 
Oct 20 10:45:38 ls2088ardb kernel: [    8.142507] ### eth4 is DOWN  ###
Oct 20 10:45:38 ls2088ardb kernel: [    9.142505] 
Oct 20 10:45:38 ls2088ardb kernel: [    9.142505] ### eth4 is UP (Fiber mode, speed 1000, duplex FD) ###
Oct 20 10:45:38 ls2088ardb kernel: [    9.150225] dpaa2_mac dpmac.10 eth4 (uninitialized): Link is Up - 1Gbps/Full - flow control off
Oct 20 10:45:38 ls2088ardb kernel: [   13.664442] Microcode image on die 0 is KR(v.0003), built on (yyyy/mmdd/hhmm) = 2015/0702/1557
Oct 20 10:45:38 ls2088ardb kernel: [   13.969874] dpaa2_mac dpmac.8: Connected to Inphi xgmii PHY.
Oct 20 10:45:38 ls2088ardb kernel: [   13.980826] [INPHI] init port 9 for 10G SFP+:  line_tx_loss=0 dB
Oct 20 10:45:38 ls2088ardb kernel: [   13.986835] [INPHI] init port 9 for 10G SFP+:  host_tx_loss=0 dB
Oct 20 10:45:38 ls2088ardb kernel: [   13.992843] [INPHI] init port 9 for 10G SFP+:  line_rx_loss=0 dB
Oct 20 10:45:38 ls2088ardb kernel: [   13.998846] [INPHI] init port 9 for 10G SFP+:  host_rx_loss=0 dB
Oct 20 10:45:38 ls2088ardb kernel: [   14.004853] [INPHI] init port 10 for 10G SFP+
Oct 20 10:45:38 ls2088ardb kernel: [   14.027689] 
Oct 20 10:45:38 ls2088ardb kernel: [   14.027689] K2 configured for Duplex CS4223, Max ports = 4
Oct 20 10:45:38 ls2088ardb kernel: [   14.034655] slice = 2, die = 0, PP offset = 0x02000
Oct 20 10:45:38 ls2088ardb kernel: [   14.039529] application = CS4224_TARGET_APPLICATION_10G, data rate = , line edc_mode = CS_HSIO_EDC_MODE_SR, host edc_mode = CS_HSIO_EDC_MODE_SR
Oct 20 10:45:38 ls2088ardb kernel: [   14.060241] Microcode image on die 0 is KR(v.0003), built on (yyyy/mmdd/hhmm) = 2015/0702/1557
Oct 20 10:45:38 ls2088ardb kernel: [   14.303062] 
Oct 20 10:45:38 ls2088ardb kernel: [   14.303062] [INPHI] eth9 is --- DOWN ---
Oct 20 10:45:38 ls2088ardb kernel: [   14.359476] dpaa2_mac dpmac.7: Connected to Inphi xgmii PHY.
Oct 20 10:45:38 ls2088ardb kernel: [   14.369444] [INPHI] init port 8 for 10G SFP+:  line_tx_loss=0 dB
Oct 20 10:45:38 ls2088ardb kernel: [   14.375454] [INPHI] init port 8 for 10G SFP+:  host_tx_loss=0 dB
Oct 20 10:45:38 ls2088ardb kernel: [   14.381462] [INPHI] init port 8 for 10G SFP+:  line_rx_loss=0 dB
Oct 20 10:45:38 ls2088ardb kernel: [   14.387465] [INPHI] init port 8 for 10G SFP+:  host_rx_loss=0 dB
Oct 20 10:45:38 ls2088ardb kernel: [   14.393472] [INPHI] init port 9 for 10G SFP+
Oct 20 10:45:38 ls2088ardb kernel: [   14.416216] 
Oct 20 10:45:38 ls2088ardb kernel: [   14.416216] K2 configured for Duplex CS4223, Max ports = 4
Oct 20 10:45:38 ls2088ardb kernel: [   14.423183] slice = 1, die = 0, PP offset = 0x01000
Oct 20 10:45:38 ls2088ardb kernel: [   14.428058] application = CS4224_TARGET_APPLICATION_10G, data rate = , line edc_mode = CS_HSIO_EDC_MODE_SR, host edc_mode = CS_HSIO_EDC_MODE_SR
Oct 20 10:45:38 ls2088ardb kernel: [   14.448766] Microcode image on die 0 is KR(v.0003), built on (yyyy/mmdd/hhmm) = 2015/0702/1557
Oct 20 10:45:38 ls2088ardb kernel: [   14.742380] dpaa2_mac dpmac.6: Connected to Inphi xgmii PHY.
Oct 20 10:45:38 ls2088ardb kernel: [   14.752330] [INPHI] init port 7 for 10G SFP+:  line_tx_loss=0 dB
Oct 20 10:45:38 ls2088ardb kernel: [   14.758333] [INPHI] init port 7 for 10G SFP+:  host_tx_loss=0 dB
Oct 20 10:45:38 ls2088ardb kernel: [   14.764345] [INPHI] init port 7 for 10G SFP+:  line_rx_loss=0 dB
Oct 20 10:45:38 ls2088ardb kernel: [   14.770348] [INPHI] init port 7 for 10G SFP+:  host_rx_loss=0 dB
Oct 20 10:45:38 ls2088ardb kernel: [   14.776355] [INPHI] init port 8 for 10G SFP+
Oct 20 10:45:38 ls2088ardb kernel: [   14.799739] 
Oct 20 10:45:38 ls2088ardb kernel: [   14.799739] K2 configured for Duplex CS4223, Max ports = 4
Oct 20 10:45:38 ls2088ardb kernel: [   14.806706] slice = 0, die = 0, PP offset = 0x00000
Oct 20 10:45:38 ls2088ardb kernel: [   14.811583] application = CS4224_TARGET_APPLICATION_10G, data rate = , line edc_mode = CS_HSIO_EDC_MODE_SR, host edc_mode = CS_HSIO_EDC_MODE_SR
Oct 20 10:45:38 ls2088ardb kernel: [   14.832294] Microcode image on die 0 is KR(v.0003), built on (yyyy/mmdd/hhmm) = 2015/0702/1557
Oct 20 10:45:38 ls2088ardb kernel: [   15.125856] dpaa2_mac dpmac.5: Connected to Inphi xgmii PHY.
Oct 20 10:45:38 ls2088ardb kernel: [   15.131565] MC object device driver dpaa2_mac registered
Oct 20 10:45:38 ls2088ardb kernel: [   15.136921] MC object device driver dpaa2_ethsw registered
Oct 20 10:45:38 ls2088ardb kernel: [   15.142441] MC object device driver dpaa2_evb registered
Oct 20 10:45:38 ls2088ardb kernel: [   15.147782] MC object device driver dpaa2_rtc registered
Oct 20 10:45:38 ls2088ardb kernel: [   15.153205] Initializing XFRM netlink socket
Oct 20 10:45:38 ls2088ardb kernel: [   15.157509] NET: Registered protocol family 10
Oct 20 10:45:38 ls2088ardb kernel: [   15.162467] sit: IPv6 over IPv4 tunneling driver
Oct 20 10:45:38 ls2088ardb kernel: [   15.167319] NET: Registered protocol family 17
Oct 20 10:45:38 ls2088ardb kernel: [   15.171777] NET: Registered protocol family 15
Oct 20 10:45:38 ls2088ardb kernel: [   15.176239] 8021q: 802.1Q VLAN Support v1.8
Oct 20 10:45:38 ls2088ardb kernel: [   15.180439] 9pnet: Installing 9P2000 support
Oct 20 10:45:38 ls2088ardb kernel: [   15.184739] Key type dns_resolver registered
Oct 20 10:45:38 ls2088ardb kernel: [   15.189333] registered taskstats version 1
Oct 20 10:45:38 ls2088ardb kernel: [   15.193646] Ethernet Channel Bonding Driver: v3.7.1 (April 27, 2011)
Oct 20 10:45:38 ls2088ardb kernel: [   15.200764] get offline ports information ok.
Oct 20 10:45:38 ls2088ardb kernel: [   15.205135] fsl_generic: FSL DPAA Generic Ethernet driver
Oct 20 10:45:38 ls2088ardb kernel: [   15.211416] rtc-ds1374 0-0068: setting system clock to 1970-01-01 00:00:54 UTC (54)
Oct 20 10:45:38 ls2088ardb kernel: [   15.219561] Waiting 5 sec before mounting root device...
Oct 20 10:45:38 ls2088ardb kernel: [   15.302316] 
Oct 20 10:45:38 ls2088ardb kernel: [   15.302316] [INPHI] eth6 is --- DOWN ---
Oct 20 10:45:38 ls2088ardb kernel: [   15.309245] 
Oct 20 10:45:38 ls2088ardb kernel: [   15.309245] [INPHI] eth7 is --- DOWN ---
Oct 20 10:45:38 ls2088ardb kernel: [   15.316159] 
Oct 20 10:45:38 ls2088ardb kernel: [   15.316159] [INPHI] eth8 is --- DOWN ---
Oct 20 10:45:38 ls2088ardb kernel: [   20.231913] EXT3-fs (sda1): error: couldn't mount because of unsupported optional features (240)
Oct 20 10:45:38 ls2088ardb kernel: [   20.240918] EXT2-fs (sda1): error: couldn't mount because of unsupported optional features (240)
Oct 20 10:45:38 ls2088ardb kernel: [   20.258420] EXT4-fs (sda1): mounted filesystem with ordered data mode. Opts: (null)
Oct 20 10:45:38 ls2088ardb kernel: [   20.266096] VFS: Mounted root (ext4 filesystem) on device 8:1.
Oct 20 10:45:38 ls2088ardb kernel: [   20.273250] devtmpfs: mounted
Oct 20 10:45:38 ls2088ardb kernel: [   20.276396] Freeing unused kernel memory: 480K (ffff800000ad7000 - ffff800000b4f000)
Oct 20 10:45:38 ls2088ardb kernel: [   20.284159] Freeing alternatives memory: 28K (ffff800000b4f000 - ffff800000b56000)
Oct 20 10:45:38 ls2088ardb kernel: [   20.513947] EXT4-fs (sda2): mounted filesystem with ordered data mode. Opts: (null)
Oct 20 10:45:38 ls2088ardb kernel: [   20.523876] EXT4-fs (sda3): mounted filesystem with ordered data mode. Opts: (null)
Oct 20 10:45:38 ls2088ardb kernel: [   20.535081] EXT4-fs (sda4): mounted filesystem with ordered data mode. Opts: (null)
Oct 20 10:45:38 ls2088ardb kernel: <30>[   20.653869] udevd[1199]: starting version 182
Oct 20 10:45:38 ls2088ardb kernel: [   21.033725] EXT4-fs (sda1): re-mounted. Opts: (null)
Oct 20 10:45:38 ls2088ardb kernel: [   32.498512] WDT period set to: 64 s
Oct 20 10:45:38 ls2088ardb kernel: [   32.506505] ds1374 wdt enabled 
Sep  6 11:46:27 ls2088ardb kernel: [   49.189674] IPv6: ADDRCONF(NETDEV_UP): eth4: link is not ready
Sep  6 11:46:28 ls2088ardb kernel: [   50.174498] fsl_dpaa2_eth dpni.4 eth4: Link Event: state up
Sep  6 11:46:28 ls2088ardb kernel: [   50.180592] IPv6: ADDRCONF(NETDEV_CHANGE): eth4: link becomes ready
Sep  6 11:47:07 ls2088ardb kernel: [   89.951882] EXT4-fs (sda2): mounted filesystem with ordered data mode. Opts: (null)
